
> novahub-monorepo@2.0.0 build
> turbo run build

node.exe : ΓÇó turbo 2.9.10
At line:1 char:1
+ & "C:\Program Files\nodejs/node.exe" "C:\Program Files\nodejs/node_mo ...
+ ~~~~~~~~~~~~~~~~~~~~~~~~~~~~~~~~~~~~~~~~~~~~~~~~~~~~~~~~~~~~~~~~~~~~~
    + CategoryInfo          : NotSpecified: (ΓÇó turbo 2.9.10:String) [], Remo 
   teException
    + FullyQualifiedErrorId : NativeCommandError
 

   ΓÇó Packages in scope: admin, shared, web
   ΓÇó Running build in 3 packages
   ΓÇó Remote caching disabled

shared:build: cache hit, replaying logs c34b724f2ff05707
shared:build: [6n[?9001h[?1004h[m]0;C:\WINDOWS\system32\cmd.exe[?25h]0;npm]0;npm run build[?25l
shared:build: > shared@2.0.0 build
shared:build: > echo 'Shared package - no build needed'[5;1H[?25h'Shared package - no build needed'
shared:build: [K[?9001l[?1004l
admin:build: cache miss, executing dc747ca031441290
web:build: cache miss, executing 4c3e8f22a7801424
admin:build: 
admin:build: > admin@2.0.0 build
admin:build: > next build
admin:build: 
web:build: 
web:build: > web@2.0.0 build
web:build: > next build
web:build: 
admin:build: Γû▓ Next.js 16.2.4 (Turbopack)
admin:build: - Environments: .env.local
admin:build: 
admin:build:   Running TypeScript ...
admin:build:   Finished TypeScript in 166ms ...
web:build: Γû▓ Next.js 16.2.4 (Turbopack)
admin:build:   Creating an optimized production build ...
web:build: - Environments: .env.local
web:build: 
web:build:   Running TypeScript ...
web:build:   Finished TypeScript in 170ms ...
web:build:   Creating an optimized production build ...
admin:build: Γ£ô Compiled successfully in 3.6s
admin:build:   Collecting page data using 7 workers ...
admin:build:   Generating static pages using 7 workers (0/6) ...
admin:build:   Generating static pages using 7 workers (1/6) 
admin:build:   Generating static pages using 7 workers (2/6) 
admin:build:   Generating static pages using 7 workers (4/6) 
admin:build: Γ£ô Generating static pages using 7 workers (6/6) in 1619ms
admin:build:   Finalizing page optimization ...
admin:build: 
admin:build: Route (pages)
admin:build: Γöî Γùï / (438 ms)
admin:build: Γö£ Γùï /404
admin:build: Γö£ Γùï /account/login (430 ms)
admin:build: Γö£ Γùï /dashboard (437 ms)
admin:build: Γöö Γùï /trigger (436 ms)
admin:build: 
admin:build: Γùï  (Static)  prerendered as static content
admin:build: 
web:build: 
web:build: > Build error occurred
web:build: Error: Turbopack build failed with 11 errors:
web:build: ./apps/web/pages/api/ingest/books.js:7:1
web:build: Module not found: Can't resolve '../../../lib/helpers.js'
web:build:   [90m 5 |[0m [36mimport[0m { [33mSyncEngine[0m } [36mfrom[0m [32m"../../../lib/pipeline/SyncEngine.js"[0m;
web:build:   [90m 6 |[0m [36mimport[0m { [33mBooksProvider[0m } [36mfrom[0m [32m"../../../lib/pipeline/BooksProvider.js"[0m;
web:build: [31m[1m>[0m [90m 7 |[0m [36mimport[0m { isAuthorizedCron } [36mfrom[0m [32m"../../../lib/helpers.js"[0m;
web:build:   [90m   |[0m [31m[1m^^^^^^^^^^^^^^^^^^^^^^^^^^^^^^^^^^^^^^^^^^^^^^^^^^^^^^^^^^^[0m
web:build:   [90m 8 |[0m
web:build:   [90m 9 |[0m [36mexport[0m [36mconst[0m config = { maxDuration: [35m60[0m };
web:build:   [90m10 |[0m
web:build: 
web:build: 
web:build: 
web:build: https://nextjs.org/docs/messages/module-not-found
web:build: 
web:build: 
web:build: ./apps/web/pages/api/ingest/rawg.js:7:1
web:build: Module not found: Can't resolve '../../../lib/helpers.js'
web:build:   [90m 5 |[0m [36mimport[0m { [33mSyncEngine[0m } [36mfrom[0m [32m"../../../lib/pipeline/SyncEngine.js"[0m;
web:build:   [90m 6 |[0m [36mimport[0m { [33mRAWGProvider[0m } [36mfrom[0m [32m"../../../lib/pipeline/RAWGProvider.js"[0m;
web:build: [31m[1m>[0m [90m 7 |[0m [36mimport[0m { isAuthorizedCron } [36mfrom[0m [32m"../../../lib/helpers.js"[0m;
web:build:   [90m   |[0m [31m[1m^^^^^^^^^^^^^^^^^^^^^^^^^^^^^^^^^^^^^^^^^^^^^^^^^^^^^^^^^^^[0m
web:build:   [90m 8 |[0m
web:build:   [90m 9 |[0m [36mexport[0m [36mconst[0m config = { maxDuration: [35m60[0m };
web:build:   [90m10 |[0m
web:build: 
web:build: 
web:build: 
web:build: https://nextjs.org/docs/messages/module-not-found
web:build: 
web:build: 
web:build: ./apps/web/pages/api/ingest/books.js:6:1
web:build: Module not found: Can't resolve '../../../lib/pipeline/BooksProvider.js'
web:build:   [90m4 |[0m
web:build:   [90m5 |[0m [36mimport[0m { [33mSyncEngine[0m } [36mfrom[0m [32m"../../../lib/pipeline/SyncEngine.js"[0m;
web:build: [31m[1m>[0m [90m6 |[0m [36mimport[0m { [33mBooksProvider[0m } [36mfrom[0m [32m"../../../lib/pipeline/BooksProvider.js"[0m;
web:build:   [90m  |[0m [31m[1m^^^^^^^^^^^^^^^^^^^^^^^^^^^^^^^^^^^^^^^^^^^^^^^^^^^^^^^^^^^^^^^^^^^^^^^[0m
web:build:   [90m7 |[0m [36mimport[0m { isAuthorizedCron } [36mfrom[0m [32m"../../../lib/helpers.js"[0m;
web:build:   [90m8 |[0m
web:build:   [90m9 |[0m [36mexport[0m [36mconst[0m config = { maxDuration: [35m60[0m };
web:build: 
web:build: 
web:build: 
web:build: https://nextjs.org/docs/messages/module-not-found
web:build: 
web:build: 
web:build: ./apps/web/pages/api/ingest/igdb.js:3:1
web:build: Module not found: Can't resolve '../../../lib/pipeline/IGDBProvider.js'
web:build:   [90m1 |[0m [90m// pages/api/ingest/igdb.js[0m
web:build:   [90m2 |[0m [36mimport[0m { [33mSyncEngine[0m } [36mfrom[0m [32m'../../../lib/pipeline/SyncEngine.js'[0m;
web:build: [31m[1m>[0m [90m3 |[0m [36mimport[0m { [33mIGDBProvider[0m } [36mfrom[0m [32m'../../../lib/pipeline/IGDBProvider.js'[0m;
web:build:   [90m  |[0m [31m[1m^^^^^^^^^^^^^^^^^^^^^^^^^^^^^^^^^^^^^^^^^^^^^^^^^^^^^^^^^^^^^^^^^^^^^[0m
web:build:   [90m4 |[0m [36mexport[0m [36mconst[0m config = { maxDuration: [35m60[0m };
web:build:   [90m5 |[0m [36mexport[0m [36mdefault[0m [36masync[0m [36mfunction[0m handler(req, res) {
web:build:   [90m6 |[0m   [36mif[0m (req.headers.authorization !== [32m`Bearer [0m${process.env.[33mCRON_SECRET[0m[32m}`[0m) [36mreturn[0m res.status([35m...[0m
web:build: 
web:build: 
web:build: 
web:build: https://nextjs.org/docs/messages/module-not-found
web:build: 
web:build: 
web:build: ./apps/web/pages/api/ingest/rawg.js:6:1
web:build: Module not found: Can't resolve '../../../lib/pipeline/RAWGProvider.js'
web:build:   [90m4 |[0m
web:build:   [90m5 |[0m [36mimport[0m { [33mSyncEngine[0m } [36mfrom[0m [32m"../../../lib/pipeline/SyncEngine.js"[0m;
web:build: [31m[1m>[0m [90m6 |[0m [36mimport[0m { [33mRAWGProvider[0m } [36mfrom[0m [32m"../../../lib/pipeline/RAWGProvider.js"[0m;
web:build:   [90m  |[0m [31m[1m^^^^^^^^^^^^^^^^^^^^^^^^^^^^^^^^^^^^^^^^^^^^^^^^^^^^^^^^^^^^^^^^^^^^^[0m
web:build:   [90m7 |[0m [36mimport[0m { isAuthorizedCron } [36mfrom[0m [32m"../../../lib/helpers.js"[0m;
web:build:   [90m8 |[0m
web:build:   [90m9 |[0m [36mexport[0m [36mconst[0m config = { maxDuration: [35m60[0m };
web:build: 
web:build: 
web:build: 
web:build: https://nextjs.org/docs/messages/module-not-found
web:build: 
web:build: 
web:build: ./apps/web/pages/api/ingest/books.js:5:1
web:build: Module not found: Can't resolve '../../../lib/pipeline/SyncEngine.js'
web:build:   [90m3 |[0m [90m// Runs daily at 4am UTC via Vercel Cron.[0m
web:build:   [90m4 |[0m
web:build: [31m[1m>[0m [90m5 |[0m [36mimport[0m { [33mSyncEngine[0m } [36mfrom[0m [32m"../../../lib/pipeline/SyncEngine.js"[0m;
web:build:   [90m  |[0m [31m[1m^^^^^^^^^^^^^^^^^^^^^^^^^^^^^^^^^^^^^^^^^^^^^^^^^^^^^^^^^^^^^^^^^[0m
web:build:   [90m6 |[0m [36mimport[0m { [33mBooksProvider[0m } [36mfrom[0m [32m"../../../lib/pipeline/BooksProvider.js"[0m;
web:build:   [90m7 |[0m [36mimport[0m { isAuthorizedCron } [36mfrom[0m [32m"../../../lib/helpers.js"[0m;
web:build:   [90m8 |[0m
web:build: 
web:build: 
web:build: 
web:build: https://nextjs.org/docs/messages/module-not-found
web:build: 
web:build: 
web:build: ./apps/web/pages/api/ingest/igdb.js:2:1
web:build: Module not found: Can't resolve '../../../lib/pipeline/SyncEngine.js'
web:build:   [90m1 |[0m [90m// pages/api/ingest/igdb.js[0m
web:build: [31m[1m>[0m [90m2 |[0m [36mimport[0m { [33mSyncEngine[0m } [36mfrom[0m [32m'../../../lib/pipeline/SyncEngine.js'[0m;
web:build:   [90m  |[0m [31m[1m^^^^^^^^^^^^^^^^^^^^^^^^^^^^^^^^^^^^^^^^^^^^^^^^^^^^^^^^^^^^^^^^^[0m
web:build:   [90m3 |[0m [36mimport[0m { [33mIGDBProvider[0m } [36mfrom[0m [32m'../../../lib/pipeline/IGDBProvider.js'[0m;
web:build:   [90m4 |[0m [36mexport[0m [36mconst[0m config = { maxDuration: [35m60[0m };
web:build:   [90m5 |[0m [36mexport[0m [36mdefault[0m [36masync[0m [36mfunction[0m handler(req, res) {
web:build: 
web:build: 
web:build: 
web:build: https://nextjs.org/docs/messages/module-not-found
web:build: 
web:build: 
web:build: ./apps/web/pages/api/ingest/rawg.js:5:1
web:build: Module not found: Can't resolve '../../../lib/pipeline/SyncEngine.js'
web:build:   [90m3 |[0m [90m// Runs daily at 3am UTC via Vercel Cron.[0m
web:build:   [90m4 |[0m
web:build: [31m[1m>[0m [90m5 |[0m [36mimport[0m { [33mSyncEngine[0m } [36mfrom[0m [32m"../../../lib/pipeline/SyncEngine.js"[0m;
web:build:   [90m  |[0m [31m[1m^^^^^^^^^^^^^^^^^^^^^^^^^^^^^^^^^^^^^^^^^^^^^^^^^^^^^^^^^^^^^^^^^[0m
web:build:   [90m6 |[0m [36mimport[0m { [33mRAWGProvider[0m } [36mfrom[0m [32m"../../../lib/pipeline/RAWGProvider.js"[0m;
web:build:   [90m7 |[0m [36mimport[0m { isAuthorizedCron } [36mfrom[0m [32m"../../../lib/helpers.js"[0m;
web:build:   [90m8 |[0m
web:build: 
web:build: 
web:build: 
web:build: https://nextjs.org/docs/messages/module-not-found
web:build: 
web:build: 
web:build: ./apps/web/pages/api/ingest/tmdb.js:5:1
web:build: Module not found: Can't resolve '../../../lib/pipeline/SyncEngine.js'
web:build:   [90m3 |[0m [90m// Also accepts POST from admin trigger UI[0m
web:build:   [90m4 |[0m
web:build: [31m[1m>[0m [90m5 |[0m [36mimport[0m { [33mSyncEngine[0m } [36mfrom[0m [32m"../../../lib/pipeline/SyncEngine.js"[0m;
web:build:   [90m  |[0m [31m[1m^^^^^^^^^^^^^^^^^^^^^^^^^^^^^^^^^^^^^^^^^^^^^^^^^^^^^^^^^^^^^^^^^[0m
web:build:   [90m6 |[0m [36mimport[0m { [33mTMDBProvider[0m } [36mfrom[0m [32m"../../../lib/pipeline/TMDBProvider.js"[0m;
web:build:   [90m7 |[0m
web:build:   [90m8 |[0m [36mexport[0m [36mconst[0m config = { maxDuration: [35m60[0m };
web:build: 
web:build: 
web:build: 
web:build: https://nextjs.org/docs/messages/module-not-found
web:build: 
web:build: 
web:build: ./apps/web/pages/api/ingest/tmdb.js:6:1
web:build: Module not found: Can't resolve '../../../lib/pipeline/TMDBProvider.js'
web:build:   [90m4 |[0m
web:build:   [90m5 |[0m [36mimport[0m { [33mSyncEngine[0m } [36mfrom[0m [32m"../../../lib/pipeline/SyncEngine.js"[0m;
web:build: [31m[1m>[0m [90m6 |[0m [36mimport[0m { [33mTMDBProvider[0m } [36mfrom[0m [32m"../../../lib/pipeline/TMDBProvider.js"[0m;
web:build:   [90m  |[0m [31m[1m^^^^^^^^^^^^^^^^^^^^^^^^^^^^^^^^^^^^^^^^^^^^^^^^^^^^^^^^^^^^^^^^^^^^^[0m
web:build:   [90m7 |[0m
web:build:   [90m8 |[0m [36mexport[0m [36mconst[0m config = { maxDuration: [35m60[0m };
web:build:   [90m9 |[0m
web:build: 
web:build: 
web:build: 
web:build: https://nextjs.org/docs/messages/module-not-found
web:build: 
web:build: 
web:build: ./apps/web/pages/api/security/csp-report.js:5:1
web:build: Module not found: Can't resolve '../../../lib/securityLogger'
web:build:   [90m3 |[0m [90m// Logs Content Security Policy violations for security monitoring[0m
web:build:   [90m4 |[0m
web:build: [31m[1m>[0m [90m5 |[0m [36mimport[0m { securityLogger } [36mfrom[0m [32m"../../../lib/securityLogger"[0m;
web:build:   [90m  |[0m [31m[1m^^^^^^^^^^^^^^^^^^^^^^^^^^^^^^^^^^^^^^^^^^^^^^^^^^^^^^^^^^^^^[0m
web:build:   [90m6 |[0m
web:build:   [90m7 |[0m [36mexport[0m [36mdefault[0m [36masync[0m [36mfunction[0m handler(req, res) {
web:build:   [90m8 |[0m   [36mif[0m (req.method !== [32m"POST"[0m) {
web:build: 
web:build: 
web:build: 
web:build: https://nextjs.org/docs/messages/module-not-found
web:build: 
web:build: 
web:build:     at <unknown> (./apps/web/pages/api/ingest/books.js:7:1)
web:build:     at <unknown> (https://nextjs.org/docs/messages/module-not-found)
web:build:     at <unknown> (./apps/web/pages/api/ingest/rawg.js:7:1)
web:build:     at <unknown> (https://nextjs.org/docs/messages/module-not-found)
web:build:     at <unknown> (./apps/web/pages/api/ingest/books.js:6:1)
web:build:     at <unknown> (https://nextjs.org/docs/messages/module-not-found)
web:build:     at <unknown> (./apps/web/pages/api/ingest/igdb.js:3:1)
web:build:     at <unknown> (https://nextjs.org/docs/messages/module-not-found)
web:build:     at <unknown> (./apps/web/pages/api/ingest/rawg.js:6:1)
web:build:     at <unknown> (https://nextjs.org/docs/messages/module-not-found)
web:build:     at <unknown> (./apps/web/pages/api/ingest/books.js:5:1)
web:build:     at <unknown> (https://nextjs.org/docs/messages/module-not-found)
web:build:     at <unknown> (./apps/web/pages/api/ingest/igdb.js:2:1)
web:build:     at <unknown> (https://nextjs.org/docs/messages/module-not-found)
web:build:     at <unknown> (./apps/web/pages/api/ingest/rawg.js:5:1)
web:build:     at <unknown> (https://nextjs.org/docs/messages/module-not-found)
web:build:     at <unknown> (./apps/web/pages/api/ingest/tmdb.js:5:1)
web:build:     at <unknown> (https://nextjs.org/docs/messages/module-not-found)
web:build:     at <unknown> (./apps/web/pages/api/ingest/tmdb.js:6:1)
web:build:     at <unknown> (https://nextjs.org/docs/messages/module-not-found)
web:build:     at <unknown> (./apps/web/pages/api/security/csp-report.js:5:1)
web:build:     at <unknown> (https://nextjs.org/docs/messages/module-not-found)
web:build: npm error Lifecycle script `build` failed with error:
web:build: npm error code 1
web:build: npm error path C:\Users\MOSSESMUWA\Desktop\Git Repo\NovaHub\apps\web
web:build: npm error workspace web@2.0.0
web:build: npm error location C:\Users\MOSSESMUWA\Desktop\Git Repo\NovaHub\apps\web
web:build: npm error command failed
web:build: npm error command C:\WINDOWS\system32\cmd.exe /d /s /c next build
 ERROR  web#build: command (C:\Users\MOSSESMUWA\Desktop\Git 
Repo\NovaHub\apps\web) C:\Program Files\nodejs\npm.cmd run build exited (1)

 Tasks:    1 successful, 3 total
Cached:    1 cached, 3 total
  Time:    10.837s 
Failed:    web#build

 ERROR  run failed: command  exited (1)
